2020-08-11 19:22:23,168 - engineio.server - INFO - Server initialized for eventlet.
2020-08-11 19:22:23,187 - werkzeug - INFO -  * Running on http://127.0.0.1:5000/ (Press CTRL+C to quit)
2020-08-11 19:22:26,017 - werkzeug - INFO - 127.0.0.1 - - [11/Aug/2020 19:22:26] "[37mGET /deploy_device_switchports HTTP/1.1[0m" 200 -
2020-08-11 19:22:26,021 - urllib3.connectionpool - DEBUG - Starting new HTTPS connection (1): api.meraki.com:443
2020-08-11 19:22:26,191 - urllib3.connectionpool - DEBUG - https://api.meraki.com:443 "PUT /api/v0/devices/Q2HP-QSVT-LBLV/switchPorts/1 HTTP/1.1" 308 None
2020-08-11 19:22:26,193 - urllib3.connectionpool - DEBUG - Starting new HTTPS connection (1): n210.meraki.com:443
2020-08-11 19:22:26,998 - urllib3.connectionpool - DEBUG - https://n210.meraki.com:443 "PUT /api/v0/devices/Q2HP-QSVT-LBLV/switchPorts/1 HTTP/1.1" 200 None
2020-08-11 19:22:27,002 - werkzeug - INFO - 127.0.0.1 - - [11/Aug/2020 19:22:27] "[37mPOST /deploy_device_switchports HTTP/1.1[0m" 200 -
2020-08-11 19:22:59,782 - werkzeug - INFO - 127.0.0.1 - - [11/Aug/2020 19:22:59] "[37mGET /deploy_device_switchports HTTP/1.1[0m" 200 -
2020-08-11 19:22:59,785 - urllib3.connectionpool - DEBUG - Starting new HTTPS connection (1): api.meraki.com:443
2020-08-11 19:22:59,940 - urllib3.connectionpool - DEBUG - https://api.meraki.com:443 "PUT /api/v0/devices/Q2HP-QSVT-LBLV/switchPorts/1 HTTP/1.1" 308 None
2020-08-11 19:22:59,941 - urllib3.connectionpool - DEBUG - Starting new HTTPS connection (1): n210.meraki.com:443
2020-08-11 19:23:01,321 - urllib3.connectionpool - DEBUG - https://n210.meraki.com:443 "PUT /api/v0/devices/Q2HP-QSVT-LBLV/switchPorts/1 HTTP/1.1" 200 None
2020-08-11 19:23:01,326 - werkzeug - INFO - 127.0.0.1 - - [11/Aug/2020 19:23:01] "[37mPOST /deploy_device_switchports HTTP/1.1[0m" 200 -
2020-08-11 19:24:19,647 - werkzeug - INFO - 127.0.0.1 - - [11/Aug/2020 19:24:19] "[37mPOST /deploy_device_switchports HTTP/1.1[0m" 200 -
2020-08-11 19:24:19,650 - werkzeug - INFO - 127.0.0.1 - - [11/Aug/2020 19:24:19] "[37mGET /deploy_device_switchports HTTP/1.1[0m" 200 -
2020-08-11 19:24:55,262 - werkzeug - INFO - 127.0.0.1 - - [11/Aug/2020 19:24:55] "[37mGET /deploy_device_switchports HTTP/1.1[0m" 200 -
2020-08-11 19:24:55,264 - werkzeug - INFO - 127.0.0.1 - - [11/Aug/2020 19:24:55] "[37mPOST /deploy_device_switchports HTTP/1.1[0m" 200 -
2020-08-11 19:26:23,945 - werkzeug - INFO - 127.0.0.1 - - [11/Aug/2020 19:26:23] "[37mPOST /organizations HTTP/1.1[0m" 200 -
2020-08-11 19:26:23,947 - meraki - INFO - Meraki dashboard API session initialized with these parameters: {'self': <meraki.rest_session.RestSession object at 0x7ff6f17439d0>, 'logger': <Logger meraki (DEBUG)>, 'api_key': '************************************e774', 'base_url': 'https://api.meraki.com/api/v0', 'single_request_timeout': 60, 'certificate_path': '', 'requests_proxy': '', 'wait_on_rate_limit': True, 'nginx_429_retry_wait_time': 60, 'action_batch_retry_wait_time': 60, 'retry_4xx_error': False, 'retry_4xx_error_wait_time': 60, 'maximum_retries': 2, 'simulate': False, 'be_geo_id': None, 'caller': None, '__class__': <class 'meraki.rest_session.RestSession'>}
2020-08-11 19:26:23,948 - meraki - DEBUG - {'tags': ['Organizations'], 'operation': 'getOrganizations', 'method': 'GET', 'url': '/organizations', 'params': None}
2020-08-11 19:26:23,949 - urllib3.connectionpool - DEBUG - Starting new HTTPS connection (1): api.meraki.com:443
2020-08-11 19:26:24,101 - urllib3.connectionpool - DEBUG - https://api.meraki.com:443 "GET /api/v0/organizations HTTP/1.1" 302 None
2020-08-11 19:26:24,104 - urllib3.connectionpool - DEBUG - Starting new HTTPS connection (1): n210.meraki.com:443
2020-08-11 19:26:24,526 - urllib3.connectionpool - DEBUG - https://n210.meraki.com:443 "GET /api/v0/organizations HTTP/1.1" 200 None
2020-08-11 19:26:24,526 - meraki - INFO - Organizations, getOrganizations - 200 OK
2020-08-11 19:26:24,527 - werkzeug - INFO - 127.0.0.1 - - [11/Aug/2020 19:26:24] "[37mGET /organizations HTTP/1.1[0m" 200 -
2020-08-11 19:26:32,169 - meraki - INFO - Meraki dashboard API session initialized with these parameters: {'self': <meraki.rest_session.RestSession object at 0x7ff6f279c820>, 'logger': <Logger meraki (DEBUG)>, 'api_key': '************************************e774', 'base_url': 'https://api.meraki.com/api/v0', 'single_request_timeout': 60, 'certificate_path': '', 'requests_proxy': '', 'wait_on_rate_limit': True, 'nginx_429_retry_wait_time': 60, 'action_batch_retry_wait_time': 60, 'retry_4xx_error': False, 'retry_4xx_error_wait_time': 60, 'maximum_retries': 2, 'simulate': False, 'be_geo_id': None, 'caller': None, '__class__': <class 'meraki.rest_session.RestSession'>}
2020-08-11 19:26:32,170 - werkzeug - INFO - 127.0.0.1 - - [11/Aug/2020 19:26:32] "[37mPOST /organizations HTTP/1.1[0m" 200 -
2020-08-11 19:26:32,170 - meraki - DEBUG - {'tags': ['Organizations'], 'operation': 'getOrganizations', 'method': 'GET', 'url': '/organizations', 'params': None}
2020-08-11 19:26:32,172 - urllib3.connectionpool - DEBUG - Starting new HTTPS connection (1): api.meraki.com:443
2020-08-11 19:26:32,299 - urllib3.connectionpool - DEBUG - https://api.meraki.com:443 "GET /api/v0/organizations HTTP/1.1" 302 None
2020-08-11 19:26:32,301 - urllib3.connectionpool - DEBUG - Starting new HTTPS connection (1): n210.meraki.com:443
2020-08-11 19:26:32,651 - urllib3.connectionpool - DEBUG - https://n210.meraki.com:443 "GET /api/v0/organizations HTTP/1.1" 200 None
2020-08-11 19:26:32,651 - meraki - INFO - Organizations, getOrganizations - 200 OK
2020-08-11 19:26:32,652 - werkzeug - INFO - 127.0.0.1 - - [11/Aug/2020 19:26:32] "[37mGET /organizations HTTP/1.1[0m" 200 -
2020-08-11 19:26:33,352 - werkzeug - INFO - 127.0.0.1 - - [11/Aug/2020 19:26:33] "[37mPOST /networks HTTP/1.1[0m" 200 -
2020-08-11 19:26:33,355 - meraki - INFO - Meraki dashboard API session initialized with these parameters: {'self': <meraki.rest_session.RestSession object at 0x7ff6f16dcb80>, 'logger': <Logger meraki (DEBUG)>, 'api_key': '************************************e774', 'base_url': 'https://api.meraki.com/api/v0', 'single_request_timeout': 60, 'certificate_path': '', 'requests_proxy': '', 'wait_on_rate_limit': True, 'nginx_429_retry_wait_time': 60, 'action_batch_retry_wait_time': 60, 'retry_4xx_error': False, 'retry_4xx_error_wait_time': 60, 'maximum_retries': 2, 'simulate': False, 'be_geo_id': None, 'caller': None, '__class__': <class 'meraki.rest_session.RestSession'>}
2020-08-11 19:26:33,355 - meraki - DEBUG - {'tags': ['Networks'], 'operation': 'getOrganizationNetworks', 'method': 'GET', 'url': '/organizations/764320/networks', 'params': {}}
2020-08-11 19:26:33,357 - urllib3.connectionpool - DEBUG - Starting new HTTPS connection (1): api.meraki.com:443
2020-08-11 19:26:33,476 - urllib3.connectionpool - DEBUG - https://api.meraki.com:443 "GET /api/v0/organizations/764320/networks HTTP/1.1" 302 None
2020-08-11 19:26:33,480 - urllib3.connectionpool - DEBUG - Starting new HTTPS connection (1): n210.meraki.com:443
2020-08-11 19:26:33,885 - urllib3.connectionpool - DEBUG - https://n210.meraki.com:443 "GET /api/v0/organizations/764320/networks HTTP/1.1" 200 None
2020-08-11 19:26:33,886 - meraki - INFO - Networks, getOrganizationNetworks - 200 OK
2020-08-11 19:26:33,887 - werkzeug - INFO - 127.0.0.1 - - [11/Aug/2020 19:26:33] "[37mGET /networks HTTP/1.1[0m" 200 -
2020-08-11 19:26:35,345 - meraki - INFO - Meraki dashboard API session initialized with these parameters: {'self': <meraki.rest_session.RestSession object at 0x7ff6f1774400>, 'logger': <Logger meraki (DEBUG)>, 'api_key': '************************************e774', 'base_url': 'https://api.meraki.com/api/v0', 'single_request_timeout': 60, 'certificate_path': '', 'requests_proxy': '', 'wait_on_rate_limit': True, 'nginx_429_retry_wait_time': 60, 'action_batch_retry_wait_time': 60, 'retry_4xx_error': False, 'retry_4xx_error_wait_time': 60, 'maximum_retries': 2, 'simulate': False, 'be_geo_id': None, 'caller': None, '__class__': <class 'meraki.rest_session.RestSession'>}
2020-08-11 19:26:35,346 - meraki - DEBUG - {'tags': ['Clients'], 'operation': 'getNetworkClients', 'page': 1}
2020-08-11 19:26:35,347 - urllib3.connectionpool - DEBUG - Starting new HTTPS connection (1): api.meraki.com:443
2020-08-11 19:26:35,349 - werkzeug - INFO - 127.0.0.1 - - [11/Aug/2020 19:26:35] "[37mPOST /clients HTTP/1.1[0m" 200 -
2020-08-11 19:26:35,369 - meraki - INFO - Meraki dashboard API session initialized with these parameters: {'self': <meraki.rest_session.RestSession object at 0x7ff6f16f0070>, 'logger': <Logger meraki (DEBUG)>, 'api_key': '************************************e774', 'base_url': 'https://api.meraki.com/api/v0', 'single_request_timeout': 60, 'certificate_path': '', 'requests_proxy': '', 'wait_on_rate_limit': True, 'nginx_429_retry_wait_time': 60, 'action_batch_retry_wait_time': 60, 'retry_4xx_error': False, 'retry_4xx_error_wait_time': 60, 'maximum_retries': 2, 'simulate': False, 'be_geo_id': None, 'caller': None, '__class__': <class 'meraki.rest_session.RestSession'>}
2020-08-11 19:26:35,370 - meraki - DEBUG - {'tags': ['Devices'], 'operation': 'getNetworkDevices', 'method': 'GET', 'url': '/networks/L_681169443639788368/devices', 'params': None}
2020-08-11 19:26:35,371 - urllib3.connectionpool - DEBUG - Starting new HTTPS connection (1): api.meraki.com:443
2020-08-11 19:26:35,452 - urllib3.connectionpool - DEBUG - https://api.meraki.com:443 "GET /api/v0/networks/0/clients?perPage=1000&timespan=3600 HTTP/1.1" 404 None
2020-08-11 19:26:35,453 - meraki - ERROR - Clients, getNetworkClients - 404 Not Found, b' '
2020-08-11 19:26:35,457 - werkzeug - INFO - 127.0.0.1 - - [11/Aug/2020 19:26:35] "[35m[1mGET /clients HTTP/1.1[0m" 500 -
2020-08-11 19:26:35,466 - werkzeug - ERROR - Error on request:
Traceback (most recent call last):
  File "/home/cyberdevnet/mer-hacker-dev/api/api.py", line 196, in clients
    clients = dashboard.clients.getNetworkClients(NET_ID, perPage=1000,timespan=3600)
  File "/home/cyberdevnet/mer-hacker-dev/api/meraki/api/clients.py", line 55, in getNetworkClients
    return self._session.get_pages(metadata, resource, params, total_pages, direction)
  File "/home/cyberdevnet/mer-hacker-dev/api/meraki/rest_session.py", line 273, in get_pages
    response = self.request(metadata, 'GET', url, params=params)
  File "/home/cyberdevnet/mer-hacker-dev/api/meraki/rest_session.py", line 252, in request
    raise APIError(metadata, response)
meraki.exceptions.APIError: Clients, getNetworkClients - 404 Not Found, b' '

During handling of the above exception, another exception occurred:

Traceback (most recent call last):
  File "/home/cyberdevnet/.local/lib/python3.8/site-packages/werkzeug/serving.py", line 323, in run_wsgi
    execute(self.server.app)
  File "/home/cyberdevnet/.local/lib/python3.8/site-packages/werkzeug/serving.py", line 312, in execute
    application_iter = app(environ, start_response)
  File "/home/cyberdevnet/.local/lib/python3.8/site-packages/flask/app.py", line 2463, in __call__
    return self.wsgi_app(environ, start_response)
  File "/home/cyberdevnet/.local/lib/python3.8/site-packages/flask_socketio/__init__.py", line 45, in __call__
    return super(_SocketIOMiddleware, self).__call__(environ,
  File "/home/cyberdevnet/.local/lib/python3.8/site-packages/engineio/middleware.py", line 74, in __call__
    return self.wsgi_app(environ, start_response)
  File "/home/cyberdevnet/.local/lib/python3.8/site-packages/flask/app.py", line 2449, in wsgi_app
    response = self.handle_exception(e)
  File "/home/cyberdevnet/.local/lib/python3.8/site-packages/flask_cors/extension.py", line 161, in wrapped_function
    return cors_after_request(app.make_response(f(*args, **kwargs)))
  File "/home/cyberdevnet/.local/lib/python3.8/site-packages/flask/app.py", line 1866, in handle_exception
    reraise(exc_type, exc_value, tb)
  File "/home/cyberdevnet/.local/lib/python3.8/site-packages/flask/_compat.py", line 39, in reraise
    raise value
  File "/home/cyberdevnet/.local/lib/python3.8/site-packages/flask/app.py", line 2446, in wsgi_app
    response = self.full_dispatch_request()
  File "/home/cyberdevnet/.local/lib/python3.8/site-packages/flask/app.py", line 1951, in full_dispatch_request
    rv = self.handle_user_exception(e)
  File "/home/cyberdevnet/.local/lib/python3.8/site-packages/flask_cors/extension.py", line 161, in wrapped_function
    return cors_after_request(app.make_response(f(*args, **kwargs)))
  File "/home/cyberdevnet/.local/lib/python3.8/site-packages/flask/app.py", line 1820, in handle_user_exception
    reraise(exc_type, exc_value, tb)
  File "/home/cyberdevnet/.local/lib/python3.8/site-packages/flask/_compat.py", line 39, in reraise
    raise value
  File "/home/cyberdevnet/.local/lib/python3.8/site-packages/flask/app.py", line 1949, in full_dispatch_request
    rv = self.dispatch_request()
  File "/home/cyberdevnet/.local/lib/python3.8/site-packages/flask/app.py", line 1935, in dispatch_request
    return self.view_functions[rule.endpoint](**req.view_args)
  File "/home/cyberdevnet/mer-hacker-dev/api/api.py", line 200, in clients
    error = (err.message['errors'][0])
TypeError: byte indices must be integers or slices, not str
2020-08-11 19:26:35,483 - urllib3.connectionpool - DEBUG - https://api.meraki.com:443 "GET /api/v0/networks/L_681169443639788368/devices HTTP/1.1" 302 None
2020-08-11 19:26:35,486 - urllib3.connectionpool - DEBUG - Starting new HTTPS connection (1): n210.meraki.com:443
2020-08-11 19:26:35,992 - urllib3.connectionpool - DEBUG - https://n210.meraki.com:443 "GET /api/v0/networks/L_681169443639788368/devices HTTP/1.1" 200 None
2020-08-11 19:26:35,993 - meraki - INFO - Devices, getNetworkDevices - 200 OK
2020-08-11 19:26:35,994 - werkzeug - INFO - 127.0.0.1 - - [11/Aug/2020 19:26:35] "[37mGET /devices HTTP/1.1[0m" 200 -
2020-08-11 19:30:18,382 - werkzeug - INFO - 127.0.0.1 - - [11/Aug/2020 19:30:18] "[37mPOST /device_switchports HTTP/1.1[0m" 200 -
2020-08-11 19:30:18,391 - meraki - INFO - Meraki dashboard API session initialized with these parameters: {'self': <meraki.rest_session.RestSession object at 0x7ff6f16f0a60>, 'logger': <Logger meraki (DEBUG)>, 'api_key': '************************************e774', 'base_url': 'https://api.meraki.com/api/v0', 'single_request_timeout': 60, 'certificate_path': '', 'requests_proxy': '', 'wait_on_rate_limit': True, 'nginx_429_retry_wait_time': 60, 'action_batch_retry_wait_time': 60, 'retry_4xx_error': False, 'retry_4xx_error_wait_time': 60, 'maximum_retries': 2, 'simulate': False, 'be_geo_id': None, 'caller': None, '__class__': <class 'meraki.rest_session.RestSession'>}
2020-08-11 19:30:18,392 - meraki - DEBUG - {'tags': ['Switch ports'], 'operation': 'getDeviceSwitchPorts', 'method': 'GET', 'url': '/devices/Q2HP-QSVT-LBLV/switchPorts', 'params': None}
2020-08-11 19:30:18,394 - urllib3.connectionpool - DEBUG - Starting new HTTPS connection (1): api.meraki.com:443
2020-08-11 19:30:18,599 - urllib3.connectionpool - DEBUG - https://api.meraki.com:443 "GET /api/v0/devices/Q2HP-QSVT-LBLV/switchPorts HTTP/1.1" 302 None
2020-08-11 19:30:18,602 - urllib3.connectionpool - DEBUG - Starting new HTTPS connection (1): n210.meraki.com:443
2020-08-11 19:30:19,306 - urllib3.connectionpool - DEBUG - https://n210.meraki.com:443 "GET /api/v0/devices/Q2HP-QSVT-LBLV/switchPorts HTTP/1.1" 200 None
2020-08-11 19:30:19,307 - meraki - INFO - Switch ports, getDeviceSwitchPorts - 200 OK
2020-08-11 19:30:19,308 - werkzeug - INFO - 127.0.0.1 - - [11/Aug/2020 19:30:19] "[37mGET /device_switchports HTTP/1.1[0m" 200 -
2020-08-11 19:30:19,786 - werkzeug - INFO - 127.0.0.1 - - [11/Aug/2020 19:30:19] "[37mPOST /device_switchports HTTP/1.1[0m" 200 -
2020-08-11 19:30:19,787 - meraki - INFO - Meraki dashboard API session initialized with these parameters: {'self': <meraki.rest_session.RestSession object at 0x7ff6f16f4b20>, 'logger': <Logger meraki (DEBUG)>, 'api_key': '************************************e774', 'base_url': 'https://api.meraki.com/api/v0', 'single_request_timeout': 60, 'certificate_path': '', 'requests_proxy': '', 'wait_on_rate_limit': True, 'nginx_429_retry_wait_time': 60, 'action_batch_retry_wait_time': 60, 'retry_4xx_error': False, 'retry_4xx_error_wait_time': 60, 'maximum_retries': 2, 'simulate': False, 'be_geo_id': None, 'caller': None, '__class__': <class 'meraki.rest_session.RestSession'>}
2020-08-11 19:30:19,788 - meraki - DEBUG - {'tags': ['Switch ports'], 'operation': 'getDeviceSwitchPorts', 'method': 'GET', 'url': '/devices/Q2HP-QSVT-LBLV/switchPorts', 'params': None}
2020-08-11 19:30:19,790 - urllib3.connectionpool - DEBUG - Starting new HTTPS connection (1): api.meraki.com:443
2020-08-11 19:30:19,962 - urllib3.connectionpool - DEBUG - https://api.meraki.com:443 "GET /api/v0/devices/Q2HP-QSVT-LBLV/switchPorts HTTP/1.1" 302 None
2020-08-11 19:30:19,979 - urllib3.connectionpool - DEBUG - Starting new HTTPS connection (1): n210.meraki.com:443
2020-08-11 19:30:20,866 - urllib3.connectionpool - DEBUG - https://n210.meraki.com:443 "GET /api/v0/devices/Q2HP-QSVT-LBLV/switchPorts HTTP/1.1" 200 None
2020-08-11 19:30:20,867 - meraki - INFO - Switch ports, getDeviceSwitchPorts - 200 OK
2020-08-11 19:30:20,868 - werkzeug - INFO - 127.0.0.1 - - [11/Aug/2020 19:30:20] "[37mGET /device_switchports HTTP/1.1[0m" 200 -
2020-08-11 19:30:34,877 - urllib3.connectionpool - DEBUG - Starting new HTTPS connection (1): api.meraki.com:443
2020-08-11 19:30:34,882 - werkzeug - INFO - 127.0.0.1 - - [11/Aug/2020 19:30:34] "[37mGET /deploy_device_switchports HTTP/1.1[0m" 200 -
2020-08-11 19:30:34,996 - urllib3.connectionpool - DEBUG - https://api.meraki.com:443 "PUT /api/v0/devices/Q2HP-QSVT-LBLV/switchPorts/1 HTTP/1.1" 308 None
2020-08-11 19:30:35,001 - urllib3.connectionpool - DEBUG - Starting new HTTPS connection (1): n210.meraki.com:443
2020-08-11 19:30:35,913 - urllib3.connectionpool - DEBUG - https://n210.meraki.com:443 "PUT /api/v0/devices/Q2HP-QSVT-LBLV/switchPorts/1 HTTP/1.1" 400 None
2020-08-11 19:30:35,918 - werkzeug - INFO - 127.0.0.1 - - [11/Aug/2020 19:30:35] "[37mPOST /deploy_device_switchports HTTP/1.1[0m" 200 -
2020-08-11 19:31:12,807 - werkzeug - INFO - 127.0.0.1 - - [11/Aug/2020 19:31:12] "[37mGET /deploy_device_switchports HTTP/1.1[0m" 200 -
2020-08-11 19:31:12,812 - urllib3.connectionpool - DEBUG - Starting new HTTPS connection (1): api.meraki.com:443
2020-08-11 19:31:12,927 - urllib3.connectionpool - DEBUG - https://api.meraki.com:443 "PUT /api/v0/devices/Q2HP-QSVT-LBLV/switchPorts/1 HTTP/1.1" 308 None
2020-08-11 19:31:12,929 - urllib3.connectionpool - DEBUG - Starting new HTTPS connection (1): n210.meraki.com:443
2020-08-11 19:31:14,241 - urllib3.connectionpool - DEBUG - https://n210.meraki.com:443 "PUT /api/v0/devices/Q2HP-QSVT-LBLV/switchPorts/1 HTTP/1.1" 200 None
2020-08-11 19:31:14,247 - werkzeug - INFO - 127.0.0.1 - - [11/Aug/2020 19:31:14] "[37mPOST /deploy_device_switchports HTTP/1.1[0m" 200 -
